Archive member included to satisfy reference by file (symbol)

/usr/bin/../lib/gcc/arm-none-eabi/7.3.1/../../../../arm-none-eabi/lib/thumb/v6-m/libg_nano.a(lib_a-memcpy-stub.o)
                              build/interlock_m0/selfmain.o (memcpy)

Allocating common symbols
Common symbol       size              file

b_sharp_received    0x1               build/interlock_m0/usart_sam_ba.o
timerHigh           0x4               build/interlock_m0/utils.o
idx_rx_write        0x1               build/interlock_m0/usart_sam_ba.o
size_of_data        0x2               build/interlock_m0/usart_sam_ba.o
bootloader_page_buf
                    0x100             build/interlock_m0/selfmain.o
resetHorizon        0x4               build/interlock_m0/utils.o
idx_tx_read         0x1               build/interlock_m0/usart_sam_ba.o
buffer_tx_usart     0x80              build/interlock_m0/usart_sam_ba.o
error_timeout       0x1               build/interlock_m0/usart_sam_ba.o
mode_of_transfer    0x1               build/interlock_m0/usart_sam_ba.o
idx_rx_read         0x1               build/interlock_m0/usart_sam_ba.o
idx_tx_write        0x1               build/interlock_m0/usart_sam_ba.o
buffer_rx_usart     0x80              build/interlock_m0/usart_sam_ba.o

Discarded input sections

 .text          0x0000000000000000        0x0 build/interlock_m0/flash_samd21.o
 .data          0x0000000000000000        0x0 build/interlock_m0/flash_samd21.o
 .bss           0x0000000000000000        0x0 build/interlock_m0/flash_samd21.o
 .text.flash_erase_to_end
                0x0000000000000000       0x1c build/interlock_m0/flash_samd21.o
 .text.copy_words
                0x0000000000000000       0x14 build/interlock_m0/flash_samd21.o
 .text.flash_write
                0x0000000000000000       0x9c build/interlock_m0/flash_samd21.o
 .text          0x0000000000000000        0x0 build/interlock_m0/init_samd21.o
 .data          0x0000000000000000        0x0 build/interlock_m0/init_samd21.o
 .bss           0x0000000000000000        0x0 build/interlock_m0/init_samd21.o
 .data.g_interrupt_enabled
                0x0000000000000000        0x1 build/interlock_m0/init_samd21.o
 .text          0x0000000000000000        0x0 build/interlock_m0/startup_samd21.o
 .data          0x0000000000000000        0x0 build/interlock_m0/startup_samd21.o
 .bss           0x0000000000000000        0x0 build/interlock_m0/startup_samd21.o
 .text          0x0000000000000000        0x0 build/interlock_m0/usart_sam_ba.o
 .data          0x0000000000000000        0x0 build/interlock_m0/usart_sam_ba.o
 .bss           0x0000000000000000        0x0 build/interlock_m0/usart_sam_ba.o
 .text.usart_open
                0x0000000000000000       0xbc build/interlock_m0/usart_sam_ba.o
 .text.usart_close
                0x0000000000000000       0x10 build/interlock_m0/usart_sam_ba.o
 .text.usart_putc
                0x0000000000000000       0x14 build/interlock_m0/usart_sam_ba.o
 .text.usart_getc
                0x0000000000000000       0x10 build/interlock_m0/usart_sam_ba.o
 .text.usart_is_rx_ready
                0x0000000000000000       0x10 build/interlock_m0/usart_sam_ba.o
 .text.usart_sharp_received
                0x0000000000000000       0x1a build/interlock_m0/usart_sam_ba.o
 .text.usart_readc
                0x0000000000000000       0x20 build/interlock_m0/usart_sam_ba.o
 .text.usart_putdata
                0x0000000000000000       0x1a build/interlock_m0/usart_sam_ba.o
 .text.usart_getdata
                0x0000000000000000        0xe build/interlock_m0/usart_sam_ba.o
 .text.getbytes
                0x0000000000000000       0x60 build/interlock_m0/usart_sam_ba.o
 .text.getPacket
                0x0000000000000000       0x70 build/interlock_m0/usart_sam_ba.o
 .text.usart_putdata_xmd
                0x0000000000000000      0x10c build/interlock_m0/usart_sam_ba.o
 .text.usart_getdata_xmd
                0x0000000000000000       0xb8 build/interlock_m0/usart_sam_ba.o
 COMMON         0x0000000000000000      0x109 build/interlock_m0/usart_sam_ba.o
 .text          0x0000000000000000        0x0 build/interlock_m0/screen.o
 .data          0x0000000000000000        0x0 build/interlock_m0/screen.o
 .bss           0x0000000000000000        0x0 build/interlock_m0/screen.o
 .debug_info    0x0000000000000000      0x90a build/interlock_m0/screen.o
 .debug_abbrev  0x0000000000000000      0x197 build/interlock_m0/screen.o
 .debug_aranges
                0x0000000000000000       0x18 build/interlock_m0/screen.o
 .debug_line    0x0000000000000000      0x113 build/interlock_m0/screen.o
 .debug_str     0x0000000000000000      0x5e9 build/interlock_m0/screen.o
 .comment       0x0000000000000000       0x80 build/interlock_m0/screen.o
 .ARM.attributes
                0x0000000000000000       0x32 build/interlock_m0/screen.o
 .text          0x0000000000000000        0x0 build/interlock_m0/images.o
 .data          0x0000000000000000        0x0 build/interlock_m0/images.o
 .bss           0x0000000000000000        0x0 build/interlock_m0/images.o
 .rodata.arrowLogo
                0x0000000000000000       0x39 build/interlock_m0/images.o
 .rodata.fileLogo
                0x0000000000000000       0x4a build/interlock_m0/images.o
 .rodata.font8  0x0000000000000000      0x240 build/interlock_m0/images.o
 .rodata.pendriveLogo
                0x0000000000000000       0x3e build/interlock_m0/images.o
 .debug_info    0x0000000000000000      0x118 build/interlock_m0/images.o
 .debug_abbrev  0x0000000000000000       0x66 build/interlock_m0/images.o
 .debug_aranges
                0x0000000000000000       0x18 build/interlock_m0/images.o
 .debug_line    0x0000000000000000       0x90 build/interlock_m0/images.o
 .debug_str     0x0000000000000000      0x1b4 build/interlock_m0/images.o
 .comment       0x0000000000000000       0x80 build/interlock_m0/images.o
 .ARM.attributes
                0x0000000000000000       0x32 build/interlock_m0/images.o
 .text          0x0000000000000000        0x0 build/interlock_m0/utils.o
 .data          0x0000000000000000        0x0 build/interlock_m0/utils.o
 .bss           0x0000000000000000        0x0 build/interlock_m0/utils.o
 .text.writeNum
                0x0000000000000000       0x38 build/interlock_m0/utils.o
 .text.timerTick
                0x0000000000000000       0x40 build/interlock_m0/utils.o
 .text.led_signal
                0x0000000000000000       0x2c build/interlock_m0/utils.o
 .text.RGBLED_set_color
                0x0000000000000000        0x2 build/interlock_m0/utils.o
 .bss.timerLow  0x0000000000000000        0x4 build/interlock_m0/utils.o
 COMMON         0x0000000000000000        0x8 build/interlock_m0/utils.o
 .text          0x0000000000000000        0x0 build/interlock_m0/selfmain.o
 .data          0x0000000000000000        0x0 build/interlock_m0/selfmain.o
 .bss           0x0000000000000000        0x0 build/interlock_m0/selfmain.o
 .text          0x0000000000000000        0x0 build/interlock_m0/selfdata.o
 .data          0x0000000000000000        0x0 build/interlock_m0/selfdata.o
 .bss           0x0000000000000000        0x0 build/interlock_m0/selfdata.o
 .text          0x0000000000000000        0x0 /usr/bin/../lib/gcc/arm-none-eabi/7.3.1/../../../../arm-none-eabi/lib/thumb/v6-m/libg_nano.a(lib_a-memcpy-stub.o)
 .data          0x0000000000000000        0x0 /usr/bin/../lib/gcc/arm-none-eabi/7.3.1/../../../../arm-none-eabi/lib/thumb/v6-m/libg_nano.a(lib_a-memcpy-stub.o)
 .bss           0x0000000000000000        0x0 /usr/bin/../lib/gcc/arm-none-eabi/7.3.1/../../../../arm-none-eabi/lib/thumb/v6-m/libg_nano.a(lib_a-memcpy-stub.o)

Memory Configuration

Name             Origin             Length             Attributes
rom              0x0000000000002000 0x0000000000020000 xr
ram              0x0000000020000000 0x0000000000008000 xrw
*default*        0x0000000000000000 0xffffffffffffffff

Linker script and memory map

LOAD build/interlock_m0/flash_samd21.o
LOAD build/interlock_m0/init_samd21.o
LOAD build/interlock_m0/startup_samd21.o
LOAD build/interlock_m0/usart_sam_ba.o
LOAD build/interlock_m0/screen.o
LOAD build/interlock_m0/images.o
LOAD build/interlock_m0/utils.o
LOAD build/interlock_m0/selfmain.o
LOAD build/interlock_m0/selfdata.o
START GROUP
LOAD /usr/bin/../lib/gcc/arm-none-eabi/7.3.1/thumb/v6-m/libgcc.a
LOAD /usr/bin/../lib/gcc/arm-none-eabi/7.3.1/../../../../arm-none-eabi/lib/thumb/v6-m/libg_nano.a
LOAD /usr/bin/../lib/gcc/arm-none-eabi/7.3.1/../../../../arm-none-eabi/lib/thumb/v6-m/libc_nano.a
END GROUP
START GROUP
LOAD /usr/bin/../lib/gcc/arm-none-eabi/7.3.1/thumb/v6-m/libgcc.a
LOAD /usr/bin/../lib/gcc/arm-none-eabi/7.3.1/../../../../arm-none-eabi/lib/thumb/v6-m/libc_nano.a
LOAD /usr/bin/../lib/gcc/arm-none-eabi/7.3.1/../../../../arm-none-eabi/lib/thumb/v6-m/libnosys.a
END GROUP
START GROUP
LOAD /usr/bin/../lib/gcc/arm-none-eabi/7.3.1/thumb/v6-m/libgcc.a
LOAD /usr/bin/../lib/gcc/arm-none-eabi/7.3.1/../../../../arm-none-eabi/lib/thumb/v6-m/libc_nano.a
LOAD /usr/bin/../lib/gcc/arm-none-eabi/7.3.1/../../../../arm-none-eabi/lib/thumb/v6-m/libnosys.a
END GROUP
                0x0000000000002000                STACK_SIZE = DEFINED (STACK_SIZE)?STACK_SIZE:DEFINED (__stack_size__)?__stack_size__:0x2000

.text           0x0000000000002000     0x25dc
                0x0000000000002000                . = ALIGN (0x4)
                0x0000000000002000                _sfixed = .
 *(.vectors .vectors.*)
 .vectors       0x0000000000002000       0xb4 build/interlock_m0/startup_samd21.o
                0x0000000000002000                exception_table
 *(.text .text.* .gnu.linkonce.t.*)
 .text.flash_erase_row
                0x00000000000020b4       0x28 build/interlock_m0/flash_samd21.o
                0x00000000000020b4                flash_erase_row
 .text.flash_write_words
                0x00000000000020dc       0x54 build/interlock_m0/flash_samd21.o
                0x00000000000020dc                flash_write_words
 .text.flash_write_row
                0x0000000000002130       0x2e build/interlock_m0/flash_samd21.o
                0x0000000000002130                flash_write_row
 *fill*         0x000000000000215e        0x2 
 .text.dfll_sync
                0x0000000000002160       0x10 build/interlock_m0/init_samd21.o
 .text.system_init
                0x0000000000002170       0xbc build/interlock_m0/init_samd21.o
                0x0000000000002170                system_init
 .text.SysTick_Handler
                0x000000000000222c        0x8 build/interlock_m0/init_samd21.o
                0x000000000000222c                SysTick_Handler
 .text.Dummy_Handler
                0x0000000000002234        0x2 build/interlock_m0/startup_samd21.o
                0x0000000000002234                DMAC_Handler
                0x0000000000002234                AC_Handler
                0x0000000000002234                PendSV_Handler
                0x0000000000002234                NMI_Handler
                0x0000000000002234                SERCOM1_Handler
                0x0000000000002234                ADC_Handler
                0x0000000000002234                TCC1_Handler
                0x0000000000002234                SERCOM2_Handler
                0x0000000000002234                TCC0_Handler
                0x0000000000002234                RTC_Handler
                0x0000000000002234                EIC_Handler
                0x0000000000002234                WDT_Handler
                0x0000000000002234                TC4_Handler
                0x0000000000002234                USB_Handler
                0x0000000000002234                TC3_Handler
                0x0000000000002234                Dummy_Handler
                0x0000000000002234                PM_Handler
                0x0000000000002234                SVC_Handler
                0x0000000000002234                TCC2_Handler
                0x0000000000002234                EVSYS_Handler
                0x0000000000002234                SERCOM3_Handler
                0x0000000000002234                I2S_Handler
                0x0000000000002234                NVMCTRL_Handler
                0x0000000000002234                SERCOM0_Handler
                0x0000000000002234                DAC_Handler
                0x0000000000002234                PTC_Handler
                0x0000000000002234                TC5_Handler
                0x0000000000002234                SYSCTRL_Handler
 .text.HardFault_Handler
                0x0000000000002236        0x2 build/interlock_m0/startup_samd21.o
                0x0000000000002236                HardFault_Handler
 .text.Reset_Handler
                0x0000000000002238       0xb0 build/interlock_m0/startup_samd21.o
                0x0000000000002238                Reset_Handler
 .text.add_crc  0x00000000000022e8       0x54 build/interlock_m0/usart_sam_ba.o
                0x00000000000022e8                add_crc
 .text.delay    0x000000000000233c       0x28 build/interlock_m0/utils.o
                0x000000000000233c                delay
 .text.panic    0x0000000000002364        0x2 build/interlock_m0/utils.o
                0x0000000000002364                panic
 *fill*         0x0000000000002366        0x2 
 .text.resetIntoApp
                0x0000000000002368       0x28 build/interlock_m0/utils.o
                0x0000000000002368                resetIntoApp
 .text.resetIntoBootloader
                0x0000000000002390       0x28 build/interlock_m0/utils.o
                0x0000000000002390                resetIntoBootloader
 .text.led_tick
                0x00000000000023b8       0x88 build/interlock_m0/utils.o
                0x00000000000023b8                led_tick
 .text.led_init
                0x0000000000002440       0x10 build/interlock_m0/utils.o
                0x0000000000002440                led_init
 .text.nvmctrl_exec_cmd
                0x0000000000002450       0x2c build/interlock_m0/selfmain.o
 .text.set_fuses_and_bootprot
                0x000000000000247c       0x7c build/interlock_m0/selfmain.o
                0x000000000000247c                set_fuses_and_bootprot
 .text.startup.main
                0x00000000000024f8       0xc0 build/interlock_m0/selfmain.o
                0x00000000000024f8                main
 .text.memcpy   0x00000000000025b8       0x12 /usr/bin/../lib/gcc/arm-none-eabi/7.3.1/../../../../arm-none-eabi/lib/thumb/v6-m/libg_nano.a(lib_a-memcpy-stub.o)
                0x00000000000025b8                memcpy
 *(.glue_7t)
 .glue_7t       0x00000000000025ca        0x0 linker stubs
 *(.glue_7)
 .glue_7        0x00000000000025ca        0x0 linker stubs
 *(.rodata .rodata* .gnu.linkonce.r.*)
 *fill*         0x00000000000025ca        0x2 
 .rodata.bootloader
                0x00000000000025cc     0x2000 build/interlock_m0/selfdata.o
                0x00000000000025cc                bootloader
 .rodata.bootloader_crcs
                0x00000000000045cc       0x10 build/interlock_m0/selfdata.o
                0x00000000000045cc                bootloader_crcs
 *(.ARM.extab* .gnu.linkonce.armextab.*)
                0x00000000000045dc                . = ALIGN (0x4)
 *(.init)
                0x00000000000045dc                . = ALIGN (0x4)
                0x00000000000045dc                __preinit_array_start = .
 *(.preinit_array)
                0x00000000000045dc                __preinit_array_end = .
                0x00000000000045dc                . = ALIGN (0x4)
                0x00000000000045dc                __init_array_start = .
 *(SORT_BY_NAME(.init_array.*))
 *(.init_array)
                0x00000000000045dc                __init_array_end = .
                0x00000000000045dc                . = ALIGN (0x4)
 *crtbegin.o(.ctors)
 *(EXCLUDE_FILE(*crtend.o) .ctors)
 *(SORT_BY_NAME(.ctors.*))
 *crtend.o(.ctors)
                0x00000000000045dc                . = ALIGN (0x4)
                0x00000000000045dc                _efixed = .
                [!provide]                        PROVIDE (__exidx_start = .)

.vfp11_veneer   0x00000000000045dc        0x0
 .vfp11_veneer  0x00000000000045dc        0x0 linker stubs

.v4_bx          0x00000000000045dc        0x0
 .v4_bx         0x00000000000045dc        0x0 linker stubs

.iplt           0x00000000000045dc        0x0
 .iplt          0x00000000000045dc        0x0 build/interlock_m0/flash_samd21.o

.igot.plt       0x00000000000045dc        0x0
 .igot.plt      0x00000000000045dc        0x0 build/interlock_m0/flash_samd21.o

.rel.dyn        0x00000000000045dc        0x0
 .rel.iplt      0x00000000000045dc        0x0 build/interlock_m0/flash_samd21.o

.ARM.exidx
 *(.ARM.exidx* .gnu.linkonce.armexidx.*)
                [!provide]                        PROVIDE (__exidx_end = .)
                0x00000000000045dc                . = ALIGN (0x4)
                0x00000000000045dc                _etext = .

.relocate       0x0000000020000000        0x8 load address 0x00000000000045dc
                0x0000000020000000                . = ALIGN (0x4)
                0x0000000020000000                _srelocate = .
 *(.ramfunc .ramfunc.*)
 *(.data .data.*)
 .data.current_cpu_frequency_MHz
                0x0000000020000000        0x4 build/interlock_m0/init_samd21.o
                0x0000000020000000                current_cpu_frequency_MHz
 .data.led_tick_step
                0x0000000020000004        0x1 build/interlock_m0/utils.o
                0x0000000020000004                led_tick_step
 .data.limit    0x0000000020000005        0x1 build/interlock_m0/utils.o
                0x0000000020000008                . = ALIGN (0x4)
 *fill*         0x0000000020000006        0x2 
                0x0000000020000008                _erelocate = .

.bss            0x0000000020000008      0x30c load address 0x00000000000045e4
                0x0000000020000008                . = ALIGN (0x4)
                0x0000000020000008                _sbss = .
                0x0000000020000008                _szero = .
 *(.bss .bss.*)
 .bss.crcCache  0x0000000020000008      0x200 build/interlock_m0/usart_sam_ba.o
 .bss.led_tick_on
                0x0000000020000208        0x1 build/interlock_m0/utils.o
                0x0000000020000208                led_tick_on
 *fill*         0x0000000020000209        0x3 
 .bss.now       0x000000002000020c        0x4 build/interlock_m0/utils.o
 .bss.signal_end
                0x0000000020000210        0x4 build/interlock_m0/utils.o
 *(COMMON)
 COMMON         0x0000000020000214      0x100 build/interlock_m0/selfmain.o
                0x0000000020000214                bootloader_page_buf
                0x0000000020000314                . = ALIGN (0x4)
                0x0000000020000314                _ebss = .
                0x0000000020000314                _ezero = .

.stack          0x0000000020000314     0x2004 load address 0x00000000000048f0
                0x0000000020000318                . = ALIGN (0x8)
 *fill*         0x0000000020000314        0x4 
                0x0000000020000318                _sstack = .
                0x0000000020002318                . = (. + STACK_SIZE)
 *fill*         0x0000000020000318     0x2000 
                0x0000000020002318                . = ALIGN (0x8)
                0x0000000020002318                _estack = .
                0x0000000020002318                . = ALIGN (0x4)
                0x0000000020002318                _end = .
OUTPUT(build/interlock_m0/update-bootloader-interlock_m0-v3.14.0-10-gb17ca18.elf elf32-littlearm)

.debug_info     0x0000000000000000     0xd134
 .debug_info    0x0000000000000000      0xfbe build/interlock_m0/flash_samd21.o
 .debug_info    0x0000000000000fbe     0x2325 build/interlock_m0/init_samd21.o
 .debug_info    0x00000000000032e3     0x35c5 build/interlock_m0/startup_samd21.o
 .debug_info    0x00000000000068a8     0x3d4b build/interlock_m0/usart_sam_ba.o
 .debug_info    0x000000000000a5f3     0x125c build/interlock_m0/utils.o
 .debug_info    0x000000000000b84f     0x17fc build/interlock_m0/selfmain.o
 .debug_info    0x000000000000d04b       0xe9 build/interlock_m0/selfdata.o

.debug_abbrev   0x0000000000000000     0x148f
 .debug_abbrev  0x0000000000000000      0x2c1 build/interlock_m0/flash_samd21.o
 .debug_abbrev  0x00000000000002c1      0x34a build/interlock_m0/init_samd21.o
 .debug_abbrev  0x000000000000060b      0x25b build/interlock_m0/startup_samd21.o
 .debug_abbrev  0x0000000000000866      0x494 build/interlock_m0/usart_sam_ba.o
 .debug_abbrev  0x0000000000000cfa      0x366 build/interlock_m0/utils.o
 .debug_abbrev  0x0000000000001060      0x3b5 build/interlock_m0/selfmain.o
 .debug_abbrev  0x0000000000001415       0x7a build/interlock_m0/selfdata.o

.debug_loc      0x0000000000000000      0xf8b
 .debug_loc     0x0000000000000000      0x3a6 build/interlock_m0/flash_samd21.o
 .debug_loc     0x00000000000003a6       0x65 build/interlock_m0/init_samd21.o
 .debug_loc     0x000000000000040b       0x2b build/interlock_m0/startup_samd21.o
 .debug_loc     0x0000000000000436      0x81f build/interlock_m0/usart_sam_ba.o
 .debug_loc     0x0000000000000c55      0x146 build/interlock_m0/utils.o
 .debug_loc     0x0000000000000d9b      0x1f0 build/interlock_m0/selfmain.o

.debug_aranges  0x0000000000000000      0x1e0
 .debug_aranges
                0x0000000000000000       0x48 build/interlock_m0/flash_samd21.o
 .debug_aranges
                0x0000000000000048       0x30 build/interlock_m0/init_samd21.o
 .debug_aranges
                0x0000000000000078       0x30 build/interlock_m0/startup_samd21.o
 .debug_aranges
                0x00000000000000a8       0x88 build/interlock_m0/usart_sam_ba.o
 .debug_aranges
                0x0000000000000130       0x68 build/interlock_m0/utils.o
 .debug_aranges
                0x0000000000000198       0x30 build/interlock_m0/selfmain.o
 .debug_aranges
                0x00000000000001c8       0x18 build/interlock_m0/selfdata.o

.debug_ranges   0x0000000000000000      0x228
 .debug_ranges  0x0000000000000000       0x70 build/interlock_m0/flash_samd21.o
 .debug_ranges  0x0000000000000070       0x40 build/interlock_m0/init_samd21.o
 .debug_ranges  0x00000000000000b0       0x20 build/interlock_m0/startup_samd21.o
 .debug_ranges  0x00000000000000d0       0x90 build/interlock_m0/usart_sam_ba.o
 .debug_ranges  0x0000000000000160       0x90 build/interlock_m0/utils.o
 .debug_ranges  0x00000000000001f0       0x38 build/interlock_m0/selfmain.o

.debug_line     0x0000000000000000     0x103d
 .debug_line    0x0000000000000000      0x24a build/interlock_m0/flash_samd21.o
 .debug_line    0x000000000000024a      0x22e build/interlock_m0/init_samd21.o
 .debug_line    0x0000000000000478      0x1aa build/interlock_m0/startup_samd21.o
 .debug_line    0x0000000000000622      0x3f1 build/interlock_m0/usart_sam_ba.o
 .debug_line    0x0000000000000a13      0x2df build/interlock_m0/utils.o
 .debug_line    0x0000000000000cf2      0x2aa build/interlock_m0/selfmain.o
 .debug_line    0x0000000000000f9c       0xa1 build/interlock_m0/selfdata.o

.debug_str      0x0000000000000000     0x2b1f
 .debug_str     0x0000000000000000      0x75f build/interlock_m0/flash_samd21.o
                                        0x822 (size before relaxing)
 .debug_str     0x000000000000075f      0x6cd build/interlock_m0/init_samd21.o
                                        0xe8b (size before relaxing)
 .debug_str     0x0000000000000e2c      0xed1 build/interlock_m0/startup_samd21.o
                                       0x1343 (size before relaxing)
 .debug_str     0x0000000000001cfd      0xc5c build/interlock_m0/usart_sam_ba.o
                                       0x13ed (size before relaxing)
 .debug_str     0x0000000000002959       0xc8 build/interlock_m0/utils.o
                                        0x893 (size before relaxing)
 .debug_str     0x0000000000002a21       0xe0 build/interlock_m0/selfmain.o
                                        0xa88 (size before relaxing)
 .debug_str     0x0000000000002b01       0x1e build/interlock_m0/selfdata.o
                                        0x1ce (size before relaxing)

.comment        0x0000000000000000       0x7f
 .comment       0x0000000000000000       0x7f build/interlock_m0/flash_samd21.o
                                         0x80 (size before relaxing)
 .comment       0x000000000000007f       0x80 build/interlock_m0/init_samd21.o
 .comment       0x000000000000007f       0x80 build/interlock_m0/startup_samd21.o
 .comment       0x000000000000007f       0x80 build/interlock_m0/usart_sam_ba.o
 .comment       0x000000000000007f       0x80 build/interlock_m0/utils.o
 .comment       0x000000000000007f       0x80 build/interlock_m0/selfmain.o
 .comment       0x000000000000007f       0x80 build/interlock_m0/selfdata.o

.ARM.attributes
                0x0000000000000000       0x32
 .ARM.attributes
                0x0000000000000000       0x32 build/interlock_m0/flash_samd21.o
 .ARM.attributes
                0x0000000000000032       0x32 build/interlock_m0/init_samd21.o
 .ARM.attributes
                0x0000000000000064       0x32 build/interlock_m0/startup_samd21.o
 .ARM.attributes
                0x0000000000000096       0x32 build/interlock_m0/usart_sam_ba.o
 .ARM.attributes
                0x00000000000000c8       0x32 build/interlock_m0/utils.o
 .ARM.attributes
                0x00000000000000fa       0x32 build/interlock_m0/selfmain.o
 .ARM.attributes
                0x000000000000012c       0x32 build/interlock_m0/selfdata.o
 .ARM.attributes
                0x000000000000015e       0x2c /usr/bin/../lib/gcc/arm-none-eabi/7.3.1/../../../../arm-none-eabi/lib/thumb/v6-m/libg_nano.a(lib_a-memcpy-stub.o)

.debug_frame    0x0000000000000000      0x430
 .debug_frame   0x0000000000000000       0xb4 build/interlock_m0/flash_samd21.o
 .debug_frame   0x00000000000000b4       0x54 build/interlock_m0/init_samd21.o
 .debug_frame   0x0000000000000108       0x4c build/interlock_m0/startup_samd21.o
 .debug_frame   0x0000000000000154      0x184 build/interlock_m0/usart_sam_ba.o
 .debug_frame   0x00000000000002d8       0xcc build/interlock_m0/utils.o
 .debug_frame   0x00000000000003a4       0x64 build/interlock_m0/selfmain.o
 .debug_frame   0x0000000000000408       0x28 /usr/bin/../lib/gcc/arm-none-eabi/7.3.1/../../../../arm-none-eabi/lib/thumb/v6-m/libg_nano.a(lib_a-memcpy-stub.o)

Cross Reference Table

Symbol                                            File
AC_Handler                                        build/interlock_m0/startup_samd21.o
ADC_Handler                                       build/interlock_m0/startup_samd21.o
DAC_Handler                                       build/interlock_m0/startup_samd21.o
DMAC_Handler                                      build/interlock_m0/startup_samd21.o
Dummy_Handler                                     build/interlock_m0/startup_samd21.o
EIC_Handler                                       build/interlock_m0/startup_samd21.o
EVSYS_Handler                                     build/interlock_m0/startup_samd21.o
HardFault_Handler                                 build/interlock_m0/startup_samd21.o
I2S_Handler                                       build/interlock_m0/startup_samd21.o
NMI_Handler                                       build/interlock_m0/startup_samd21.o
NVMCTRL_Handler                                   build/interlock_m0/startup_samd21.o
PM_Handler                                        build/interlock_m0/startup_samd21.o
PTC_Handler                                       build/interlock_m0/startup_samd21.o
PendSV_Handler                                    build/interlock_m0/startup_samd21.o
RGBLED_set_color                                  build/interlock_m0/utils.o
RTC_Handler                                       build/interlock_m0/startup_samd21.o
Reset_Handler                                     build/interlock_m0/startup_samd21.o
SERCOM0_Handler                                   build/interlock_m0/startup_samd21.o
SERCOM1_Handler                                   build/interlock_m0/startup_samd21.o
SERCOM2_Handler                                   build/interlock_m0/startup_samd21.o
SERCOM3_Handler                                   build/interlock_m0/startup_samd21.o
SVC_Handler                                       build/interlock_m0/startup_samd21.o
SYSCTRL_Handler                                   build/interlock_m0/startup_samd21.o
SysTick_Handler                                   build/interlock_m0/init_samd21.o
TC3_Handler                                       build/interlock_m0/startup_samd21.o
TC4_Handler                                       build/interlock_m0/startup_samd21.o
TC5_Handler                                       build/interlock_m0/startup_samd21.o
TCC0_Handler                                      build/interlock_m0/startup_samd21.o
TCC1_Handler                                      build/interlock_m0/startup_samd21.o
TCC2_Handler                                      build/interlock_m0/startup_samd21.o
USB_Handler                                       build/interlock_m0/startup_samd21.o
WDT_Handler                                       build/interlock_m0/startup_samd21.o
_erelocate                                        build/interlock_m0/startup_samd21.o
_estack                                           build/interlock_m0/startup_samd21.o
_etext                                            build/interlock_m0/startup_samd21.o
_ezero                                            build/interlock_m0/startup_samd21.o
_sfixed                                           build/interlock_m0/startup_samd21.o
_srelocate                                        build/interlock_m0/startup_samd21.o
_szero                                            build/interlock_m0/startup_samd21.o
add_crc                                           build/interlock_m0/usart_sam_ba.o
                                                  build/interlock_m0/selfmain.o
arrowLogo                                         build/interlock_m0/images.o
b_sharp_received                                  build/interlock_m0/usart_sam_ba.o
bootloader                                        build/interlock_m0/selfdata.o
                                                  build/interlock_m0/selfmain.o
bootloader_crcs                                   build/interlock_m0/selfdata.o
                                                  build/interlock_m0/selfmain.o
bootloader_page_buf                               build/interlock_m0/selfmain.o
buffer_rx_usart                                   build/interlock_m0/usart_sam_ba.o
buffer_tx_usart                                   build/interlock_m0/usart_sam_ba.o
copy_words                                        build/interlock_m0/flash_samd21.o
current_cpu_frequency_MHz                         build/interlock_m0/init_samd21.o
                                                  build/interlock_m0/utils.o
delay                                             build/interlock_m0/utils.o
                                                  build/interlock_m0/selfmain.o
error_timeout                                     build/interlock_m0/usart_sam_ba.o
exception_table                                   build/interlock_m0/startup_samd21.o
fileLogo                                          build/interlock_m0/images.o
flash_erase_row                                   build/interlock_m0/flash_samd21.o
flash_erase_to_end                                build/interlock_m0/flash_samd21.o
flash_write                                       build/interlock_m0/flash_samd21.o
flash_write_row                                   build/interlock_m0/flash_samd21.o
                                                  build/interlock_m0/selfmain.o
flash_write_words                                 build/interlock_m0/flash_samd21.o
                                                  build/interlock_m0/selfmain.o
font8                                             build/interlock_m0/images.o
g_interrupt_enabled                               build/interlock_m0/init_samd21.o
getPacket                                         build/interlock_m0/usart_sam_ba.o
idx_rx_read                                       build/interlock_m0/usart_sam_ba.o
idx_rx_write                                      build/interlock_m0/usart_sam_ba.o
idx_tx_read                                       build/interlock_m0/usart_sam_ba.o
idx_tx_write                                      build/interlock_m0/usart_sam_ba.o
led_init                                          build/interlock_m0/utils.o
                                                  build/interlock_m0/selfmain.o
led_signal                                        build/interlock_m0/utils.o
led_tick                                          build/interlock_m0/utils.o
                                                  build/interlock_m0/init_samd21.o
led_tick_on                                       build/interlock_m0/utils.o
led_tick_step                                     build/interlock_m0/utils.o
main                                              build/interlock_m0/selfmain.o
                                                  build/interlock_m0/startup_samd21.o
memcpy                                            /usr/bin/../lib/gcc/arm-none-eabi/7.3.1/../../../../arm-none-eabi/lib/thumb/v6-m/libg_nano.a(lib_a-memcpy-stub.o)
                                                  build/interlock_m0/selfmain.o
mode_of_transfer                                  build/interlock_m0/usart_sam_ba.o
panic                                             build/interlock_m0/utils.o
                                                  build/interlock_m0/selfmain.o
pendriveLogo                                      build/interlock_m0/images.o
resetHorizon                                      build/interlock_m0/utils.o
resetIntoApp                                      build/interlock_m0/utils.o
                                                  build/interlock_m0/selfmain.o
resetIntoBootloader                               build/interlock_m0/utils.o
                                                  build/interlock_m0/selfmain.o
set_fuses_and_bootprot                            build/interlock_m0/selfmain.o
size_of_data                                      build/interlock_m0/usart_sam_ba.o
system_init                                       build/interlock_m0/init_samd21.o
                                                  build/interlock_m0/selfmain.o
timerHigh                                         build/interlock_m0/utils.o
timerTick                                         build/interlock_m0/utils.o
uart_basic_init                                   build/interlock_m0/usart_sam_ba.o
uart_disable                                      build/interlock_m0/usart_sam_ba.o
uart_get_sercom_index                             build/interlock_m0/usart_sam_ba.o
uart_read_byte                                    build/interlock_m0/usart_sam_ba.o
uart_write_byte                                   build/interlock_m0/usart_sam_ba.o
usart_close                                       build/interlock_m0/usart_sam_ba.o
usart_getc                                        build/interlock_m0/usart_sam_ba.o
usart_getdata                                     build/interlock_m0/usart_sam_ba.o
usart_getdata_xmd                                 build/interlock_m0/usart_sam_ba.o
usart_is_rx_ready                                 build/interlock_m0/usart_sam_ba.o
usart_open                                        build/interlock_m0/usart_sam_ba.o
usart_putc                                        build/interlock_m0/usart_sam_ba.o
usart_putdata                                     build/interlock_m0/usart_sam_ba.o
usart_putdata_xmd                                 build/interlock_m0/usart_sam_ba.o
usart_readc                                       build/interlock_m0/usart_sam_ba.o
usart_sharp_received                              build/interlock_m0/usart_sam_ba.o
writeNum                                          build/interlock_m0/utils.o
